--------------------------
 open column 
--------------------------
--------------------------
 313.7600
 317.0200
 314.7200
 310.5100
 311.9100
 315.2900
 307.3600
 294.1200
 293.4400
 281.1700
 286.7300
 275.0000
 287.4000
 295.3600
 297.5400
 297.3100
 298.1100
 300.8500
 295.2500
 294.1200
 296.0300
 293.7200
 290.7400
 300.2800
 308.7400
 312.8600
 313.2300
 314.1800
 307.4600
 309.6300
 311.7800
 310.6800
 308.3300
 309.5600
 306.1200
 301.0600
 298.1800
 296.9700
 300.2400
 297.9000
 299.8200
 293.5000
 292.5600
[ CPUFloatType{43} ]
--------------------------

--------------------------
 0.5396
[ CPUFloatType{1} ]
--------------------------


--------------------------
 close column 
--------------------------
--------------------------
 314.8600
 317.3100
 315.3200
 316.2200
 313.3900
 310.6600
 312.6600
 308.6300
 294.3800
 289.3600
 281.7400
 283.7800
 275.1500
 293.0800
 294.3000
 297.0100
 298.0100
 295.9500
 299.2400
 296.4200
 291.1300
 295.6300
 291.5800
 290.5500
 301.5400
 307.3400
 311.2300
 310.2600
 315.2000
 306.3100
 312.0600
 312.5100
 310.8500
 308.3300
 308.8200
 304.9900
 302.2500
 298.9700
 297.8400
 300.2300
 298.2100
 298.8700
 294.8000
[ CPUFloatType{43} ]
--------------------------

--------------------------
 0.5396
[ CPUFloatType{1} ]
--------------------------


